000000  a9bf7bfd  stp [Reg(Reg { class: X, num: 29, is_sp: false }), Reg(Reg { class: X, num: 30, is_sp: false }), Mem(Mem { base: Reg { class: X, num: 31, is_sp: true }, addr: PreIndex(-16) })]
000004  910003fd  mov [Reg(Reg { class: X, num: 29, is_sp: false }), Reg(Reg { class: X, num: 31, is_sp: true })]
000008  d10083ff  sub [Reg(Reg { class: X, num: 31, is_sp: true }), Reg(Reg { class: X, num: 31, is_sp: true }), Imm(32)]
00000c  58000010  ldr Reg { class: X, num: 16, is_sp: false }, =lit0
000010  f81e03b0  str [Reg(Reg { class: X, num: 16, is_sp: false }), Mem(Mem { base: Reg { class: X, num: 29, is_sp: false }, addr: Offset(-32) })]
000014  f81f83a0  str [Reg(Reg { class: X, num: 0, is_sp: false }), Mem(Mem { base: Reg { class: X, num: 29, is_sp: false }, addr: Offset(-8) })]
000018  aa0003f5  mov [Reg(Reg { class: X, num: 21, is_sp: false }), Reg(Reg { class: X, num: 0, is_sp: false })]
00001c  f81f03a1  str [Reg(Reg { class: X, num: 1, is_sp: false }), Mem(Mem { base: Reg { class: X, num: 29, is_sp: false }, addr: Offset(-16) })]
000020  aa0103f6  mov [Reg(Reg { class: X, num: 22, is_sp: false }), Reg(Reg { class: X, num: 1, is_sp: false })]
000024  f81e83a2  str [Reg(Reg { class: X, num: 2, is_sp: false }), Mem(Mem { base: Reg { class: X, num: 29, is_sp: false }, addr: Offset(-24) })]
000028  aa0203f7  mov [Reg(Reg { class: X, num: 23, is_sp: false }), Reg(Reg { class: X, num: 2, is_sp: false })]
00002c  f24006df  tst [Reg(Reg { class: X, num: 22, is_sp: false }), Imm(3)]
000030  54000001  b.Ne L5
000034  f24006ff  tst [Reg(Reg { class: X, num: 23, is_sp: false }), Imm(3)]
000038  54000001  b.Ne L5
00003c  eb1702df  cmp [Reg(Reg { class: X, num: 22, is_sp: false }), Reg(Reg { class: X, num: 23, is_sp: false })]
000040  5400000c  b.Gt L1
000044  14000000  b L2
000048  d43bc000  <raw>
00004c  eb1602e0  subs [Reg(Reg { class: X, num: 0, is_sp: false }), Reg(Reg { class: X, num: 23, is_sp: false }), Reg(Reg { class: X, num: 22, is_sp: false })]
000050  54000006  b.Vs L9
000054  aa0003f8  mov [Reg(Reg { class: X, num: 24, is_sp: false }), Reg(Reg { class: X, num: 0, is_sp: false })]
000058  f81e03b8  str [Reg(Reg { class: X, num: 24, is_sp: false }), Mem(Mem { base: Reg { class: X, num: 29, is_sp: false }, addr: Offset(-32) })]
00005c  14000000  b L3
000060  d43bc000  <raw>
000064  eb1702c0  subs [Reg(Reg { class: X, num: 0, is_sp: false }), Reg(Reg { class: X, num: 22, is_sp: false }), Reg(Reg { class: X, num: 23, is_sp: false })]
000068  54000006  b.Vs L7
00006c  aa0003f8  mov [Reg(Reg { class: X, num: 24, is_sp: false }), Reg(Reg { class: X, num: 0, is_sp: false })]
000070  f81e03b8  str [Reg(Reg { class: X, num: 24, is_sp: false }), Mem(Mem { base: Reg { class: X, num: 29, is_sp: false }, addr: Offset(-32) })]
000074  aa1803e0  mov [Reg(Reg { class: X, num: 0, is_sp: false }), Reg(Reg { class: X, num: 24, is_sp: false })]
000078  14000000  b L10
00007c  d43bc000  <raw>
000080  aa1503e0  mov [Reg(Reg { class: X, num: 0, is_sp: false }), Reg(Reg { class: X, num: 21, is_sp: false })]
000084  14000000  b L10
000088  910003bf  mov [Reg(Reg { class: X, num: 31, is_sp: true }), Reg(Reg { class: X, num: 29, is_sp: false })]
00008c  a8c17bfd  ldp [Reg(Reg { class: X, num: 29, is_sp: false }), Reg(Reg { class: X, num: 30, is_sp: false }), Mem(Mem { base: Reg { class: X, num: 31, is_sp: true }, addr: PostIndex(16) })]
000090  d65f03c0  ret []
